Component: ARM Compiler 5.06 update 6 (build 750) Tool: armlink [4d35ed]

==============================================================================

Section Cross References

    main.o(.text) refers to main.o(i.__ARM_common_switch8) for __ARM_common_switch8
    main.o(.text) refers to main.o(.text) for BBRFWrite
    main.o(.text) refers to gpio.o(.text) for PIN_Set_GPIO
    main.o(.text) refers to battery.o(.text) for GetBatCapacity
    main.o(.text) refers to segger_rtt_printf.o(.text) for SEGGER_RTT_hexdump
    main.o(.text) refers to timer.o(.text) for Timer_Evt_Stop
    main.o(.text) refers to ota.o(.text) for ota_rsp
    main.o(.text) refers to ota.o(.data) for ota_state
    main.o(.text) refers to main.o(.data) for .data
    main.o(.text) refers to user_app.o(.data) for WakeupSource
    main.o(.text) refers to gpio.o(.data) for PIN_CONFIG
    main.o(.text) refers to main.o(.constdata) for .constdata
    main.o(.text) refers to uread4.o(.text) for __aeabi_uread4
    main.o(.text) refers to memcpya.o(.text) for __aeabi_memcpy
    main.o(.text) refers to user_app.o(.text) for gap_connect_evnet
    main.o(.text) refers to wdt.o(.text) for wdt_disable
    main.o(.text) refers to delay.o(.text) for delay_ms
    main.o(.text) refers to segger_rtt.o(.text) for SEGGER_RTT_Init
    main.o(.text) refers to timer_handler.o(.text) for Timer_Evt_List
    main.o(.text) refers to rtc.o(.text) for SYD_RTC_Init
    main.o(.text) refers to rtc_handler.o(.text) for RTC_Evt_List
    main.o(.text) refers to os_timer.o(.text) for OS_timer_SetEvt
    main.o(.text) refers to timer_handler.o(.bss) for syd_sysTimer
    main.o(.text) refers to rtc_handler.o(.bss) for syd_rtc
    main.o(.text) refers to os_timer.o(.data) for TIMER_EVENT
    main.o(.text) refers to main.o(.bss) for .bss
    main.o(.text) refers to uart_4g.o(.text) for Uart_TX
    main.o(.text) refers to uart_4g.o(.bss) for net4G
    main.o(.text) refers to timer.o(.data) for TIMER_EVT
    main.o(.text) refers to rtc.o(.data) for RTC_EVT
    main.o(.text) refers to user_app.o(.bss) for gatt_buff
    user_app.o(.text) refers to segger_rtt_printf.o(.text) for SEGGER_RTT_printf
    user_app.o(.text) refers to gpio.o(.text) for GPIO_Pin_Clear
    user_app.o(.text) refers to battery.o(.text) for GetBatCapacity
    user_app.o(.text) refers to input.o(.text) for GetInputStopR
    user_app.o(.text) refers to os_timer.o(.text) for OS_timer_start
    user_app.o(.text) refers to uart_4g.o(.text) for net4G_prc
    user_app.o(.text) refers to main.o(i.__ARM_common_switch8) for __ARM_common_switch8
    user_app.o(.text) refers to timer.o(.text) for timer_2_enable
    user_app.o(.text) refers to memcpya.o(.text) for __aeabi_memcpy
    user_app.o(.text) refers to memseta.o(.text) for __aeabi_memset
    user_app.o(.text) refers to my_aes.o(.text) for aes_encrypt_ecb
    user_app.o(.text) refers to main.o(.text) for GATTDataSend
    user_app.o(.text) refers to led.o(.text) for RedLed_Config
    user_app.o(.text) refers to delay.o(.text) for delay_ms
    user_app.o(.text) refers to wdt.o(.text) for wdt_disable
    user_app.o(.text) refers to motor.o(.text) for MotorInit
    user_app.o(.text) refers to uart_4g.o(.bss) for net4G
    user_app.o(.text) refers to main.o(.bss) for _user
    user_app.o(.text) refers to user_app.o(.data) for .data
    user_app.o(.text) refers to main.o(.data) for flag_00
    user_app.o(.text) refers to user_app.o(.bss) for .bss
    user_app.o(.text) refers to e103w08b.o(.text) for e103w08b_init
    user_app.o(.text) refers to uwrite4.o(.text) for __aeabi_uwrite4
    user_app.o(.text) refers to main.o(.text) for rf_restart
    user_app.o(.text) refers to gpio.o(.data) for GPIO_IRQ_CTRL
    user_app.o(.text) refers to os_timer.o(.data) for TIMER_EVENT
    user_app.o(.text) refers to led.o(.data) for dischrg_flag
    user_app.o(.text) refers to motor.o(.data) for MotorState
    user_app.o(.text) refers to timer.o(.text) for timer_2_disable
    user_app.o(.text) refers to input.o(.text) for GetInputStopF
    user_app.o(.text) refers to gpio.o(.text) for PIN_Pullup_Enable
    user_app.o(.text) refers to my_aes.o(.text) for my_aes_decrypt
    user_app.o(.text) refers to segger_rtt_printf.o(.text) for SEGGER_RTT_hexdump
    battery.o(.text) refers to gpadc.o(.text) for GPADC_start
    battery.o(.text) refers to dfltui.o(.text) for __aeabi_ui2d
    battery.o(.text) refers to dmul.o(.text) for __aeabi_dmul
    battery.o(.text) refers to ddiv.o(.text) for __aeabi_ddiv
    battery.o(.text) refers to d2f.o(.text) for __aeabi_d2f
    battery.o(.text) refers to f2d.o(.text) for __aeabi_f2d
    battery.o(.text) refers to segger_rtt_printf.o(.text) for SEGGER_RTT_printf
    battery.o(.text) refers to cdrcmple.o(.text) for __aeabi_cdrcmple
    battery.o(.text) refers to cdcmple.o(.text) for __aeabi_cdcmple
    battery.o(.text) refers to gpadc.o(.data) for GPADC
[...]
    _PrintInt                                0x10005c55   Thumb Code   200  segger_rtt_printf.o(.text)
    .text                                    0x10005d3c   Section       28  startup_armcm0.o(.text)
    .text                                    0x10005d58   Section        0  system_armcm0.o(.text)
    .text                                    0x10005d68   Section        0  main.o(.text)
    _LCDisConnect                            0x10005d69   Thumb Code    46  main.o(.text)
    _LCTimer_Handler                         0x10005d97   Thumb Code   248  main.o(.text)
    _LCRxPkt_Handler                         0x10005e8f   Thumb Code   200  main.o(.text)
    _LCTxPkt_Handler                         0x10005f57   Thumb Code   316  main.o(.text)
    _LLENCReq                                0x100067ff   Thumb Code   244  main.o(.text)
    _GAPStartAdv                             0x10006d53   Thumb Code   620  main.o(.text)
    WaitLLCOverSlpth                         0x10007e65   Thumb Code    38  main.o(.text)
    _BBRXFIFORead                            0x10007e8b   Thumb Code   138  main.o(.text)
    STKSetRand                               0x10007f15   Thumb Code    30  main.o(.text)
    AttWriteFlash                            0x10007f33   Thumb Code   112  main.o(.text)
    GetOverSlpth                             0x10007fa3   Thumb Code    26  main.o(.text)
    .text                                    0x10007fd8   Section        0  timer.o(.text)
    Timer_Evt_Trigger                        0x100080a5   Thumb Code   110  timer.o(.text)
    __NVIC_EnableIRQ                         0x10008475   Thumb Code    18  timer.o(.text)
    __NVIC_DisableIRQ                        0x10008487   Thumb Code    28  timer.o(.text)
    .text                                    0x100084b0   Section        0  rtc.o(.text)
    Timer_RTCEVT_Trigger                     0x1000863f   Thumb Code   158  rtc.o(.text)
    .text                                    0x10008a80   Section        0  uidiv.o(.text)
    .text                                    0x10008aac   Section        0  idiv.o(.text)
    .text                                    0x10008ad4   Section        0  memcpya.o(.text)
    .text                                    0x10008af8   Section        0  memseta.o(.text)
    .text                                    0x10008b1c   Section        0  memcmp.o(.text)
    .text                                    0x10008b36   Section        0  strcpy.o(.text)
    .text                                    0x10008b48   Section        0  uread4.o(.text)
    .text                                    0x10008b5c   Section        0  uwrite4.o(.text)
    .text                                    0x10008b6e   Section        0  fadd.o(.text)
    .text                                    0x10008c20   Section        0  dadd.o(.text)
    .text                                    0x10008d84   Section        0  dmul.o(.text)
    .text                                    0x10008e54   Section        0  ddiv.o(.text)
    .text                                    0x10008f44   Section        0  dscalb.o(.text)
    .text                                    0x10008f70   Section        0  ffltui.o(.text)
    .text                                    0x10008f80   Section        0  dflti.o(.text)
    .text                                    0x10008fa8   Section        0  dfltui.o(.text)
    .text                                    0x10008fc4   Section        0  dfixui.o(.text)
    .text                                    0x10009000   Section        0  f2d.o(.text)
    .text                                    0x10009028   Section       40  cdcmple.o(.text)
    .text                                    0x10009050   Section       40  cdrcmple.o(.text)
    .text                                    0x10009078   Section        0  d2f.o(.text)
    .text                                    0x100090b0   Section        0  uldiv.o(.text)
    .text                                    0x10009110   Section        0  llshl.o(.text)
    .text                                    0x10009130   Section        0  llushr.o(.text)
    .text                                    0x10009152   Section        0  llsshr.o(.text)
    .text                                    0x10009178   Section        0  iusefp.o(.text)
    .text                                    0x10009178   Section        0  fepilogue.o(.text)
    .text                                    0x100091fa   Section        0  depilogue.o(.text)
    .text                                    0x100092b8   Section        0  dfixul.o(.text)
    .text                                    0x100092f8   Section       36  init.o(.text)
    .text                                    0x1000931c   Section        0  __dczerorl2.o(.text)
    i.__0sprintf                             0x10009374   Section        0  printfa.o(i.__0sprintf)
    i.__ARM_clz                              0x1000939c   Section        0  depilogue.o(i.__ARM_clz)
    i.__ARM_common_switch8                   0x100093ca   Section        0  main.o(i.__ARM_common_switch8)
    i.__scatterload_copy                     0x100093e4   Section       14  handlers.o(i.__scatterload_copy)
    i.__scatterload_null                     0x100093f2   Section        2  handlers.o(i.__scatterload_null)
    i.__scatterload_zeroinit                 0x100093f4   Section       14  handlers.o(i.__scatterload_zeroinit)
    i._fp_digits                             0x10009404   Section        0  printfa.o(i._fp_digits)
    _fp_digits                               0x10009405   Thumb Code   344  printfa.o(i._fp_digits)
    i._printf_core                           0x10009578   Section        0  printfa.o(i._printf_core)
    _printf_core                             0x10009579   Thumb Code  1754  printfa.o(i._printf_core)
    i._printf_post_padding                   0x10009c64   Section        0  printfa.o(i._printf_post_padding)
    _printf_post_padding                     0x10009c65   Thumb Code    32  printfa.o(i._printf_post_padding)
    i._printf_pre_padding                    0x10009c84   Section        0  printfa.o(i._printf_pre_padding)
    _printf_pre_padding                      0x10009c85   Thumb Code    44  printfa.o(i._printf_pre_padding)
    i._sputc                                 0x10009cb0   Section        0  printfa.o(i._sputc)
    _sputc                                   0x10009cb1   Thumb Code    10  printfa.o(i._sputc)
    .constdata                               0x10009cba   Section       34  main.o(.constdata)
    .constdata                               0x10009cdc   Section     8488  my_aes.o(.constdata)
    RCON                                     0x10009cdc   Data          40  my_aes.o(.constdata)
    FSb                                      0x10009d04   Data         256  my_aes.o(.constdata)
    FT0                                      0x10009e04   Data        1024  my_aes.o(.constdata)
    FT1                                      0x1000a204   Data        1024  my_aes.o(.constdata)
    FT2                                      0x1000a604   Data        1024  my_aes.o(.constdata)
    FT3                                      0x1000aa04   Data        1024  my_aes.o(.constdata)
    RT0                                      0x1000ae04   Data        1024  my_aes.o(.constdata)
    RT1                                      0x1000b204   Data        1024  my_aes.o(.constdata)
    RT2                                      0x1000b604   Data        1024  my_aes.o(.constdata)
    RT3                                      0x1000ba04   Data        1024  my_aes.o(.constdata)
    .constdata                               0x1000be04   Section      322  uart_4g.o(.constdata)
    .constdata                               0x1000bf46   Section        7  uart_4g.o(.constdata)
    .constdata                               0x1000bf4d   Section        3  uart_4g.o(.constdata)
    .constdata                               0x1000bf50   Section       12  uart_4g.o(.constdata)
    .constdata                               0x1000bf5c   Section        4  uart_4g.o(.constdata)
    .constdata                               0x1000bf60   Section       12  uart_4g.o(.constdata)
    .constdata                               0x1000bf6c   Section        3  uart_4g.o(.constdata)
    .constdata                               0x1000bf6f   Section        9  uart_4g.o(.constdata)
    .constdata                               0x1000bf78   Section        3  uart_4g.o(.constdata)
    .constdata                               0x1000bf7b   Section       10  uart_4g.o(.constdata)
    .constdata                               0x1000bf85   Section        3  uart_4g.o(.constdata)
    .constdata                               0x1000bf88   Section       11  uart_4g.o(.constdata)
    .constdata                               0x1000bf93   Section        3  uart_4g.o(.constdata)
    .constdata                               0x1000bf96   Section       26  uart_4g.o(.constdata)
    .constdata                               0x1000bfb0   Section        3  uart_4g.o(.constdata)
    .constdata                               0x1000bfb3   Section       13  uart_4g.o(.constdata)
    .constdata                               0x1000bfc0   Section        3  uart_4g.o(.constdata)
    .constdata                               0x1000bfc3   Section       50  uart_4g.o(.constdata)
    .constdata                               0x1000bff5   Section       13  uart_4g.o(.constdata)
    .constdata                               0x1000c002   Section       16  segger_rtt_printf.o(.constdata)
    _aV2C                                    0x1000c002   Data          16  segger_rtt_printf.o(.constdata)
    .data                                    0x20003000   Section       55  main.o(.data)
    g_report                                 0x2000300c   Data           4  main.o(.data)
    .data                                    0x20003038   Section       24  user_app.o(.data)
    cmd_id                                   0x2000303d   Data           1  user_app.o(.data)
    ADV_Flag                                 0x20003040   Data           1  user_app.o(.data)
    R_500mscnt                               0x20003048   Data           1  user_app.o(.data)
    R_200mscnt                               0x20003049   Data           1  user_app.o(.data)
    bt_slotcnt                               0x2000304a   Data           1  user_app.o(.data)
    BatValue                                 0x2000304b   Data           1  user_app.o(.data)
    .data                                    0x20003050   Section        4  battery.o(.data)
    BatLevel                                 0x20003050   Data           1  battery.o(.data)
    .data                                    0x20003054   Section        3  led.o(.data)
    .data                                    0x20003058   Section       12  input.o(.data)
    err_cnt                                  0x2000305c   Data           4  input.o(.data)
    err_cnt1                                 0x20003060   Data           4  input.o(.data)
    .data                                    0x20003064   Section        1  motor.o(.data)
    .data                                    0x20003068   Section        4  os_timer.o(.data)
    .data                                    0x2000306c   Section      256  my_aes.o(.data)
    RSb                                      0x2000306c   Data         256  my_aes.o(.data)
    .data                                    0x2000316c   Section       84  uart_4g.o(.data)
    bc95_error                               0x2000316c   Data           1  uart_4g.o(.data)
    .data                                    0x200031c0   Section        4  e103w08b.o(.data)
    UART_1_CTRL                              0x200031c0   Data           4  e103w08b.o(.data)
    .data                                    0x200031c4   Section       28  ota.o(.data)
    EvtBuf                                   0x200031d8   Data           8  ota.o(.data)
    .data                                    0x200031e0   Section       72  gpio.o(.data)
    gpio_callback                            0x200031f4   Data           4  gpio.o(.data)
    pinmuxtab48                              0x200031f8   Data          24  gpio.o(.data)
    pinmuxtab32                              0x20003210   Data          24  gpio.o(.data)
    .data                                    0x20003228   Section        4  rtc_handler.o(.data)
    .data                                    0x2000322c   Section        8  gpadc.o(.data)
    .data                                    0x20003234   Section        4  wdt.o(.data)
    WDT_CTRL                                 0x20003234   Data           4  wdt.o(.data)
    .data                                    0x20003238   Section        2  pwm.o(.data)
    compare                                  0x20003238   Data           2  pwm.o(.data)
    .data                                    0x2000323c   Section        4  system_armcm0.o(.data)
    .data                                    0x20003240   Section       60  main.o(.data)
    syd_confirm                              0x20003240   Data           1  main.o(.data)
    ww_minus_cnt                             0x20003241   Data           1  main.o(.data)
    ext_uart_en                              0x20003242   Data           1  main.o(.data)
    get_bond_device_idx                      0x20003243   Data           1  main.o(.data)
    rssi_rx                                  0x20003244   Data           1  main.o(.data)
    p_flash_hdr                              0x20003248   Data           4  main.o(.data)
    p_lclink                                 0x2000324c   Data           4  main.o(.data)
    p_txpdu                                  0x20003250   Data           4  main.o(.data)
    p_rxbuf                                  0x20003254   Data           4  main.o(.data)
    p_flash                                  0x20003258   Data           4  main.o(.data)
    p_dump_key                               0x20003260   Data           4  main.o(.data)
    EFUSE_CTRL                               0x20003264   Data           4  main.o(.data)
    BB_CTRL                                  0x20003268   Data           4  main.o(.data)
    PW_CTRL                                  0x2000326c   Data           4  main.o(.data)
    PIN_CONFIG                               0x20003270   Data           4  main.o(.data)
    g_evt                                    0x20003274   Data           8  main.o(.data)
    .data                                    0x2000327c   Section       28  timer.o(.data)
    TIMER_CTRL                               0x20003280   Data           4  timer.o(.data)
    .data                                    0x20003298   Section       40  rtc.o(.data)
    enabled                                  0x20003298   Data           1  rtc.o(.data)
    irq_cb                                   0x200032b8   Data           4  rtc.o(.data)
    .bss                                     0x200032c0   Section      200  main.o(.bss)
    .bss                                     0x20003388   Section     1176  main.o(.bss)
    .bss                                     0x20003820   Section       52  user_app.o(.bss)
    .bss                                     0x20003854   Section      144  os_timer.o(.bss)
    OS_Timer_Str                             0x20003854   Data         144  os_timer.o(.bss)
    .bss                                     0x200038e4   Section      340  uart_4g.o(.bss)
    .bss                                     0x20003a38   Section       32  uart_t.o(.bss)
    .bss                                     0x20003a58   Section       40  ota.o(.bss)
    .bss                                     0x20003a80   Section       48  timer_handler.o(.bss)
    .bss                                     0x20003ab0   Section       48  rtc_handler.o(.bss)
    .bss                                     0x20003ae0   Section     1112  segger_rtt.o(.bss)
    _acUpBuffer                              0x20003b28   Data        1024  segger_rtt.o(.bss)
    _acDownBuffer                            0x20003f28   Data          16  segger_rtt.o(.bss)
    .bss                                     0x20003f38   Section      104  main.o(.bss)
    code_hdr                                 0x20003f38   Data          87  main.o(.bss)
    smart_update_ctrol                       0x20003f8f   Data          17  main.o(.bss)
    .bss                                     0x20003fa0   Section       12  timer.o(.bss)
    timer_callback                           0x20003fa0   Data          12  timer.o(.bss)
    STACK                                    0x20003fb0   Section     1024  startup_armcm0.o(STACK)

    Global Symbols

    Symbol Name                              Value     Ov Type        Size  Object(Section)

    BuildAttributes$$THM_ISAv3M$S$PE$A:L22$X:L11$S22$IEEE1$IW$USESV6$~STKCKD$USESV7$~SHL$OTIME$ROPI$EBA8$MICROLIB$REQ8$PRES8$EABIv2 0x00000000   Number         0  anon$$obj.o ABSOLUTE
    __ARM_use_no_argv                        0x00000000   Number         0  main.o ABSOLUTE
    __use_no_errno                           0x00000000   Number         0  useno.o ABSOLUTE
    __use_no_exception_handling              0x00000000   Number         0  useno.o ABSOLUTE
    __use_no_fp                              0x00000000   Number         0  useno.o ABSOLUTE
    __use_no_heap                            0x00000000   Number         0  useno.o ABSOLUTE
    __use_no_heap_region                     0x00000000   Number         0  useno.o ABSOLUTE
    __use_no_semihosting                     0x00000000   Number         0  useno.o ABSOLUTE
    __use_no_semihosting_swi                 0x00000000   Number         0  useno.o ABSOLUTE
    __use_no_signal_handling                 0x00000000   Number         0  useno.o ABSOLUTE
    _printf_a                                0x00000000   Number         0  stubs.o ABSOLUTE
    _printf_c                                0x00000000   Number         0  stubs.o ABSOLUTE
    _printf_charcount                        0x00000000   Number         0  stubs.o ABSOLUTE
    _printf_d                                0x00000000   Number         0  stubs.o ABSOLUTE
    _printf_e                                0x00000000   Number         0  stubs.o ABSOLUTE
    _printf_f                                0x00000000   Number         0  stubs.o ABSOLUTE
    _printf_flags                            0x00000000   Number         0  stubs.o ABSOLUTE
    _printf_fp_dec                           0x00000000   Number         0  stubs.o ABSOLUTE
    _printf_fp_hex                           0x00000000   Number         0  stubs.o ABSOLUTE
    _printf_g                                0x00000000   Number         0  stubs.o ABSOLUTE
    _printf_i                                0x00000000   Number         0  stubs.o ABSOLUTE
    _printf_int_dec                          0x00000000   Number         0  stubs.o ABSOLUTE
    _printf_l                                0x00000000   Number         0  stubs.o ABSOLUTE
    _printf_lc                               0x00000000   Number         0  stubs.o ABSOLUTE
    _printf_ll                               0x00000000   Number         0  stubs.o ABSOLUTE
    _printf_lld                              0x00000000   Number         0  stubs.o ABSOLUTE
    _printf_lli                              0x00000000   Number         0  stubs.o ABSOLUTE
    _printf_llo                              0x00000000   Number         0  stubs.o ABSOLUTE
    _printf_llu                              0x00000000   Number         0  stubs.o ABSOLUTE
    _printf_llx                              0x00000000   Number         0  stubs.o ABSOLUTE
    _printf_longlong_dec                     0x00000000   Number         0  stubs.o ABSOLUTE
    _printf_longlong_hex                     0x00000000   Number         0  stubs.o ABSOLUTE
    _printf_longlong_oct                     0x00000000   Number         0  stubs.o ABSOLUTE
    _printf_ls                               0x00000000   Number         0  stubs.o ABSOLUTE
    _printf_mbtowc                           0x00000000   Number         0  stubs.o ABSOLUTE
    _printf_n                                0x00000000   Number         0  stubs.o ABSOLUTE
    _printf_o                                0x00000000   Number         0  stubs.o ABSOLUTE
    _printf_p                                0x00000000   Number         0  stubs.o ABSOLUTE
    _printf_percent                          0x00000000   Number         0  stubs.o ABSOLUTE
    _printf_pre_padding                      0x00000000   Number         0  stubs.o ABSOLUTE
    _printf_return_value                     0x00000000   Number         0  stubs.o ABSOLUTE
    _printf_s                                0x00000000   Number         0  stubs.o ABSOLUTE
    _printf_sizespec                         0x00000000   Number         0  stubs.o ABSOLUTE
    _printf_str                              0x00000000   Number         0  stubs.o ABSOLUTE
    _printf_truncate_signed                  0x00000000   Number         0  stubs.o ABSOLUTE
    _printf_truncate_unsigned                0x00000000   Number         0  stubs.o ABSOLUTE
    _printf_u                                0x00000000   Number         0  stubs.o ABSOLUTE
    _printf_wc                               0x00000000   Number         0  stubs.o ABSOLUTE
    _printf_wctomb                           0x00000000   Number         0  stubs.o ABSOLUTE
    _printf_widthprec                        0x00000000   Number         0  stubs.o ABSOLUTE
    _printf_x                                0x00000000   Number         0  stubs.o ABSOLUTE
    __cpp_initialize__aeabi_                  - Undefined Weak Reference
    __cxa_finalize                            - Undefined Weak Reference
    _clock_init                               - Undefined Weak Reference
    _microlib_exit                            - Undefined Weak Reference
    __Vectors_Size                           0x000000c0   Number         0  startup_armcm0.o ABSOLUTE
    __Vectors                                0x10000000   Data           4  startup_armcm0.o(RESET)
    __Vectors_End                            0x100000c0   Data           0  startup_armcm0.o(RESET)
    __main                                   0x100000c1   Thumb Code     0  entry.o(.ARM.Collect$$$$00000000)
    _main_stk                                0x100000c1   Thumb Code     0  entry2.o(.ARM.Collect$$$$00000001)
    _main_scatterload                        0x100000c5   Thumb Code     0  entry5.o(.ARM.Collect$$$$00000004)
    __main_after_scatterload                 0x100000c9   Thumb Code     0  entry5.o(.ARM.Collect$$$$00000004)
    _main_clock                              0x100000c9   Thumb Code     0  entry7b.o(.ARM.Collect$$$$00000008)
    _main_cpp_init                           0x100000c9   Thumb Code     0  entry8b.o(.ARM.Collect$$$$0000000A)
    _main_init                               0x100000c9   Thumb Code     0  entry9a.o(.ARM.Collect$$$$0000000B)
    __rt_final_cpp                           0x100000d1   Thumb Code     0  entry10a.o(.ARM.Collect$$$$0000000D)
    __rt_final_exit                          0x100000d1   Thumb Code     0  entry11a.o(.ARM.Collect$$$$0000000F)
    TimerNSEvent                             0x10000111   Thumb Code    38  main.o(.text)
    gpio_init                                0x10000137   Thumb Code   198  main.o(.text)
    setup_adv_data                           0x100001fd   Thumb Code   220  main.o(.text)
    BLSetConnectionUpdate                    0x100002d9   Thumb Code    82  main.o(.text)
    Connection_latency                       0x1000032b   Thumb Code    36  main.o(.text)
    ble_evt_callback                         0x100005c7   Thumb Code   332  main.o(.text)
    ota_manage                               0x10000773   Thumb Code   128  main.o(.text)
    rf_stop                                  0x100007f3   Thumb Code    14  main.o(.text)
    rf_restart                               0x10000801   Thumb Code    46  main.o(.text)
    nvic_priority                            0x1000082f   Thumb Code   188  main.o(.text)
    main                                     0x100008eb   Thumb Code  1364  main.o(.text)
    HardFault_Handler                        0x10000e3f   Thumb Code    28  main.o(.text)
    delay_ms                                 0x10000f31   Thumb Code    26  delay.o(.text)
    time1000ms_prc                           0x10000f51   Thumb Code    82  user_app.o(.text)
    auto_close                               0x10000fa3   Thumb Code    52  user_app.o(.text)
    bt_slot10ms                              0x10000fd7   Thumb Code    78  user_app.o(.text)
    updatedisp                               0x10001025   Thumb Code    42  user_app.o(.text)
    Enable_Timer2_2ms                        0x100010c1   Thumb Code    12  user_app.o(.text)
    user_encrypt_notify                      0x100010cd   Thumb Code   158  user_app.o(.text)
    gap_connect_evnet                        0x1000116b   Thumb Code    40  user_app.o(.text)
    gap_disconnect_evnet                     0x10001193   Thumb Code    62  user_app.o(.text)
    ota_connect_evnet                        0x100011d1   Thumb Code    38  user_app.o(.text)
    WakupConfig_Disable                      0x100011f7   Thumb Code    24  user_app.o(.text)
    hardware_init                            0x1000120f   Thumb Code    40  user_app.o(.text)
    UserEncryptInit                          0x10001237   Thumb Code   104  user_app.o(.text)
    user_wakeup                              0x1000129f   Thumb Code   942  user_app.o(.text)
    GPIO_callback                            0x1000164d   Thumb Code    68  user_app.o(.text)
    WakupConfig_BeforeSleep                  0x10001691   Thumb Code   350  user_app.o(.text)
    user_task                                0x100017ef   Thumb Code  1058  user_app.o(.text)
    gatt_read_AppCB                          0x10001c11   Thumb Code  1176  user_app.o(.text)
    GATT_ReadWrite_Process                   0x100020a9   Thumb Code    16  user_app.o(.text)
    FeedDog                                  0x100020b9   Thumb Code    26  user_app.o(.text)
    ADC_get_value                            0x10002119   Thumb Code    40  battery.o(.text)
    battMeasure                              0x10002141   Thumb Code   146  battery.o(.text)
    GetBatCapacity                           0x100021d3   Thumb Code    18  battery.o(.text)
    RedLed_Config                            0x10002225   Thumb Code     6  led.o(.text)
    BlueLed_Config                           0x1000222b   Thumb Code     6  led.o(.text)
    LedInit                                  0x10002231   Thumb Code    32  led.o(.text)
    LedBlink                                 0x10002251   Thumb Code    40  led.o(.text)
    RedLedEventHandle                        0x10002279   Thumb Code   190  led.o(.text)
    BlueLedEventHandle                       0x10002337   Thumb Code   220  led.o(.text)
    AllLedOff                                0x10002413   Thumb Code    50  led.o(.text)
    BatDischargeOn                           0x10002445   Thumb Code    12  led.o(.text)
    BatDischargeOff                          0x10002451   Thumb Code    12  led.o(.text)
    GetInputStopF                            0x10002461   Thumb Code    22  input.o(.text)
    GetInputStopR                            0x10002477   Thumb Code    22  input.o(.text)
    GetDoorState                             0x1000248d   Thumb Code    90  input.o(.text)
    hall_check                               0x100024e7   Thumb Code   254  input.o(.text)
    MotorInit                                0x100025f5   Thumb Code    26  motor.o(.text)
    MotorStartForward                        0x1000260f   Thumb Code    38  motor.o(.text)
    MotorStartReverse                        0x10002635   Thumb Code    44  motor.o(.text)
    MotorStop                                0x10002661   Thumb Code    26  motor.o(.text)
    os_timer_query                           0x10002685   Thumb Code    64  os_timer.o(.text)
    OS_timer_start                           0x100026c5   Thumb Code    46  os_timer.o(.text)
    OS_timer_stop                            0x100026f3   Thumb Code    46  os_timer.o(.text)
    OS_timer_SetEvt                          0x10002721   Thumb Code    10  os_timer.o(.text)
    Stop_Timer_All                           0x1000272b   Thumb Code    60  os_timer.o(.text)
    aes_key_en_schedule                      0x10002771   Thumb Code   396  my_aes.o(.text)
    aes_key_de_schedule                      0x100028fd   Thumb Code   150  my_aes.o(.text)
    aes_encrypt                              0x10002993   Thumb Code  1064  my_aes.o(.text)
    aes_decrypt                              0x10002dbb   Thumb Code  1064  my_aes.o(.text)
    aes_crypt_ecb                            0x100031e3   Thumb Code    32  my_aes.o(.text)
    aes_encrypt_ecb                          0x10003203   Thumb Code    82  my_aes.o(.text)
    aes_decrypt_ecb                          0x10003255   Thumb Code    68  my_aes.o(.text)
    Uart_TX                                  0x100032ad   Thumb Code    42  uart_4g.o(.text)
    Is_Leap_Year                             0x100032d7   Thumb Code    40  uart_4g.o(.text)
    CalendarToSecond                         0x100032ff   Thumb Code   134  uart_4g.o(.text)
    TXbuf_load                               0x10003385   Thumb Code    24  uart_4g.o(.text)
    upload_lockstatus                        0x1000339d   Thumb Code    50  uart_4g.o(.text)
    RXbuf_check                              0x100033cf   Thumb Code    70  uart_4g.o(.text)
    RXbuf_checkIMEI                          0x10003415   Thumb Code    86  uart_4g.o(.text)
    RXbuf_checkCID                           0x1000346b   Thumb Code    86  uart_4g.o(.text)
    RXbuf_checkCSQ                           0x100034c1   Thumb Code    78  uart_4g.o(.text)
    uart_send_check                          0x1000350f   Thumb Code    96  uart_4g.o(.text)
    get_CRC8                                 0x1000356f   Thumb Code    28  uart_4g.o(.text)
    load_location_message                    0x1000358b   Thumb Code   250  uart_4g.o(.text)
    load_headdata                            0x10003685   Thumb Code   132  uart_4g.o(.text)
    load_reportseal                          0x10003709   Thumb Code    34  uart_4g.o(.text)
    load_reportsenddelay                     0x1000372b   Thumb Code    32  uart_4g.o(.text)
    load_reportsleepset                      0x1000374b   Thumb Code    34  uart_4g.o(.text)
    load_sealmessage                         0x1000376d   Thumb Code   348  uart_4g.o(.text)
    load_unsealmessage                       0x100038c9   Thumb Code   348  uart_4g.o(.text)
    load_lockmessage                         0x10003a25   Thumb Code   352  uart_4g.o(.text)
    load_logon                               0x10003b85   Thumb Code   168  uart_4g.o(.text)
    load_sendunseal                          0x10003c2d   Thumb Code   338  uart_4g.o(.text)
    load_GPSdata                             0x10003d7f   Thumb Code   166  uart_4g.o(.text)
    store_data                               0x10003e25   Thumb Code   190  uart_4g.o(.text)
    decode_CMD31                             0x10003ee3   Thumb Code   284  uart_4g.o(.text)
    decode_CMD81                             0x10003fff   Thumb Code   222  uart_4g.o(.text)
    decode_CMD51                             0x100040dd   Thumb Code   156  uart_4g.o(.text)
    decode_CMD21                             0x10004179   Thumb Code   292  uart_4g.o(.text)
    net4G_prc                                0x1000429d   Thumb Code  1518  uart_4g.o(.text)
    e103w08b_uart_init                       0x1000488d   Thumb Code   200  e103w08b.o(.text)
    e103w08b_uart_write                      0x10004955   Thumb Code    22  e103w08b.o(.text)
    e103w08b_uart_write_buff                 0x1000496b   Thumb Code    28  e103w08b.o(.text)
    e103w08b_uart_read                       0x10004987   Thumb Code    52  e103w08b.o(.text)
    e103w08b_init                            0x100049bb   Thumb Code    40  e103w08b.o(.text)
    e103w08b_uart_callback                   0x100049e3   Thumb Code    68  e103w08b.o(.text)
    UART1_IRQHandler                         0x10004a27   Thumb Code    22  e103w08b.o(.text)
    CmdFwErase                               0x10004a81   Thumb Code    22  ota.o(.text)
    ota_variable_clear                       0x10004a97   Thumb Code    24  ota.o(.text)
    ota_cmd                                  0x10004aaf   Thumb Code   582  ota.o(.text)
    ota_rsp                                  0x10004cf5   Thumb Code    36  ota.o(.text)
    PIN_Set_GPIO                             0x10005041   Thumb Code    32  gpio.o(.text)
    PIN_Pullup_Enable                        0x10005061   Thumb Code   104  gpio.o(.text)
    PIN_Pullup_Disable                       0x100050c9   Thumb Code   104  gpio.o(.text)
    GPIO_Set_Output                          0x10005131   Thumb Code    46  gpio.o(.text)
    GPIO_Set_Input                           0x1000515f   Thumb Code   170  gpio.o(.text)
    GPIO_Pin_Set                             0x10005209   Thumb Code    46  gpio.o(.text)
    GPIO_Pin_Clear                           0x10005237   Thumb Code    46  gpio.o(.text)
    GPIO_Pin_Read                            0x10005265   Thumb Code    32  gpio.o(.text)
    io_irq_enable                            0x10005285   Thumb Code   112  gpio.o(.text)
    io_irq_disable_all                       0x100052f5   Thumb Code    48  gpio.o(.text)
    GPIO_IRQHandler                          0x10005325   Thumb Code   114  gpio.o(.text)
    Timer_Evt_2s                             0x100053a5   Thumb Code    14  timer_handler.o(.text)
    Timer_EVT_1S_OTA                         0x100053b3   Thumb Code    14  timer_handler.o(.text)
    Timer_Evt_List                           0x100053c1   Thumb Code    36  timer_handler.o(.text)
    RTC_Evt_10S                              0x100053f1   Thumb Code    12  rtc_handler.o(.text)
    RTC_Evt_185s                             0x100053fd   Thumb Code    12  rtc_handler.o(.text)
    RTC_Evt_List                             0x10005409   Thumb Code    40  rtc_handler.o(.text)
    GPADC_channel_sel                        0x1000543d   Thumb Code    42  gpadc.o(.text)
    GPADC_Init                               0x10005467   Thumb Code   198  gpadc.o(.text)
    GPADC_start                              0x1000552d   Thumb Code    24  gpadc.o(.text)
    GPADC_stop                               0x10005545   Thumb Code    68  gpadc.o(.text)
    GPADC_disable                            0x10005589   Thumb Code    16  gpadc.o(.text)
    GPADC_get_value                          0x10005599   Thumb Code    20  gpadc.o(.text)
    GPADC_IRQHandler                         0x100055ad   Thumb Code   120  gpadc.o(.text)
    wdt_enable                               0x10005661   Thumb Code    20  wdt.o(.text)
    wdt_clear                                0x10005675   Thumb Code    28  wdt.o(.text)
    wdt_disable                              0x10005691   Thumb Code    14  wdt.o(.text)
    Hpwm_Set_duty                            0x100056ad   Thumb Code    60  pwm.o(.text)
    HPWM_IRQHandler                          0x100056e9   Thumb Code    68  pwm.o(.text)
    SEGGER_RTT_WriteNoLock                   0x10005857   Thumb Code    86  segger_rtt.o(.text)
    SEGGER_RTT_Write                         0x100058ad   Thumb Code    48  segger_rtt.o(.text)
    SEGGER_RTT_Init                          0x100058dd   Thumb Code     2  segger_rtt.o(.text)
    SEGGER_RTT_vprintf                       0x10005a25   Thumb Code   452  segger_rtt_printf.o(.text)
    SEGGER_RTT_printf                        0x10005be9   Thumb Code    24  segger_rtt_printf.o(.text)
    SEGGER_RTT_hexdump                       0x10005c01   Thumb Code    84  segger_rtt_printf.o(.text)
    Reset_Handler                            0x10005d3d   Thumb Code     8  startup_armcm0.o(.text)
    NMI_Handler                              0x10005d45   Thumb Code     2  startup_armcm0.o(.text)
    SVC_Handler                              0x10005d49   Thumb Code     2  startup_armcm0.o(.text)
    PendSV_Handler                           0x10005d4b   Thumb Code     2  startup_armcm0.o(.text)
    SysTick_Handler                          0x10005d4d   Thumb Code     2  startup_armcm0.o(.text)
    CAP_IRQHandler                           0x10005d4f   Thumb Code     0  startup_armcm0.o(.text)
    HID_IRQHandler                           0x10005d4f   Thumb Code     0  startup_armcm0.o(.text)
    HTIMER_IRQHandler                        0x10005d4f   Thumb Code     0  startup_armcm0.o(.text)
    I2C0_IRQHandler                          0x10005d4f   Thumb Code     0  startup_armcm0.o(.text)
    I2C1_IRQHandler                          0x10005d4f   Thumb Code     0  startup_armcm0.o(.text)
    IR_Rx_IRQHandler                         0x10005d4f   Thumb Code     0  startup_armcm0.o(.text)
    IR_Tx_IRQHandler                         0x10005d4f   Thumb Code     0  startup_armcm0.o(.text)
    ISO_7816_IRQHandler                      0x10005d4f   Thumb Code     0  startup_armcm0.o(.text)
    LLC2_IRQHandler                          0x10005d4f   Thumb Code     0  startup_armcm0.o(.text)
    LLC_IRQHandler                           0x10005d4f   Thumb Code     0  startup_armcm0.o(.text)
    SPIM_IRQHandler                          0x10005d4f   Thumb Code     0  startup_armcm0.o(.text)
    SW_IRQHandler                            0x10005d4f   Thumb Code     0  startup_armcm0.o(.text)
    TIMER3_IRQHandler                        0x10005d4f   Thumb Code     0  startup_armcm0.o(.text)
    TOUCH_IRQHandler                         0x10005d4f   Thumb Code     0  startup_armcm0.o(.text)
    UART0_IRQHandler                         0x10005d4f   Thumb Code     0  startup_armcm0.o(.text)
    SystemInit                               0x10005d59   Thumb Code     8  system_armcm0.o(.text)
    _BBGetMask                               0x10006093   Thumb Code    92  main.o(.text)
    Lib_LLEvtCallback                        0x100060ef   Thumb Code   252  main.o(.text)
    ConnectionLatencyMode                    0x100061eb   Thumb Code   112  main.o(.text)
    sw_timer_latency_callback                0x1000625b   Thumb Code    42  main.o(.text)
    TimerStart                               0x10006285   Thumb Code    10  main.o(.text)
    smart_latency_start                      0x1000628f   Thumb Code   212  main.o(.text)
    smart_update_latency_updatersp           0x10006363   Thumb Code   150  main.o(.text)
    BBRFRead                                 0x100063f9   Thumb Code     4  main.o(.text)
    BBRFWrite                                0x100063fd   Thumb Code     6  main.o(.text)
    RCOSCCalibration                         0x10006403   Thumb Code    64  main.o(.text)
    RFSleep                                  0x10006443   Thumb Code    10  main.o(.text)
    UartEn                                   0x1000644d   Thumb Code    32  main.o(.text)
    _SYS32kClockSwitch                       0x1000646d   Thumb Code   222  main.o(.text)
    ClockSwitch                              0x1000654b   Thumb Code    10  main.o(.text)
    RFWakeup                                 0x10006555   Thumb Code    24  main.o(.text)
    LPOCalibration                           0x1000656d   Thumb Code   254  main.o(.text)
    smart_latency_clear                      0x1000666b   Thumb Code    12  main.o(.text)
    Lib_EvtCallback                          0x10006677   Thumb Code   248  main.o(.text)
    _BMGetNextBondDevice                     0x1000676f   Thumb Code   144  main.o(.text)
    TimerStop                                0x100068f3   Thumb Code     4  main.o(.text)
    smart_update_retry                       0x100068f7   Thumb Code   124  main.o(.text)
    sw_timer_update_callback                 0x10006973   Thumb Code    60  main.o(.text)
    smart_update_latency_updatareq           0x100069af   Thumb Code   558  main.o(.text)
    Lib_ProtocolHookCallback                 0x10006bdd   Thumb Code   104  main.o(.text)
    Lib_MiscCallback                         0x10006c45   Thumb Code    14  main.o(.text)
    BleInit                                  0x10006c53   Thumb Code   172  main.o(.text)
    DisConnect                               0x10006cff   Thumb Code    12  main.o(.text)
    SetDevAddr                               0x10006d0b   Thumb Code    12  main.o(.text)
    GetDevAddr                               0x10006d17   Thumb Code    12  main.o(.text)
    SetLEFeature                             0x10006d23   Thumb Code    12  main.o(.text)
    SetAdvAccCode                            0x10006d2f   Thumb Code    12  main.o(.text)
    SetAdvParams                             0x10006d3b   Thumb Code    12  main.o(.text)
    SetAdvData                               0x10006d47   Thumb Code    12  main.o(.text)
    StartAdv                                 0x10006fbf   Thumb Code    10  main.o(.text)
    StopAdv                                  0x10006fc9   Thumb Code    22  main.o(.text)
    StopAdv_Noreset                          0x10006fdf   Thumb Code    38  main.o(.text)
    SetScanParams                            0x10007005   Thumb Code    10  main.o(.text)
    StartScan                                0x1000700f   Thumb Code    12  main.o(.text)
    StopScan                                 0x1000701b   Thumb Code    10  main.o(.text)
    SetSecParams                             0x10007025   Thumb Code    12  main.o(.text)
    SetConnectionUpdate                      0x10007031   Thumb Code    12  main.o(.text)
    GetLinkParameters                        0x1000703d   Thumb Code    12  main.o(.text)
    SetWinWideMinusCnt                       0x10007049   Thumb Code     8  main.o(.text)
    SetPasskey                               0x10007051   Thumb Code    12  main.o(.text)
    SecurityReq                              0x1000705d   Thumb Code    12  main.o(.text)
    SetEvtCallback                           0x10007069   Thumb Code    54  main.o(.text)
    GetGATTReportHandle                      0x1000709f   Thumb Code    10  main.o(.text)
    SetGATTReadRsp                           0x100070a9   Thumb Code    12  main.o(.text)
    CheckFIFOFull                            0x100070b5   Thumb Code    18  main.o(.text)
    GATTDataSend                             0x100070c7   Thumb Code    48  main.o(.text)
    ATTCSetCallback                          0x100070f7   Thumb Code     4  main.o(.text)
    ATTCMTUReq                               0x100070fb   Thumb Code    24  main.o(.text)
    ATTCFindInfoReq                          0x10007113   Thumb Code    28  main.o(.text)
    ATTCFindByTypeValueReq                   0x1000712f   Thumb Code    42  main.o(.text)
    ATTCReadByTypeReq                        0x10007159   Thumb Code    36  main.o(.text)
    ATTCReadReq                              0x1000717d   Thumb Code    24  main.o(.text)
    ATTCReadBlobReq                          0x10007195   Thumb Code    28  main.o(.text)
    ATTCReadMultipleReq                      0x100071b1   Thumb Code    28  main.o(.text)
    ATTCReadByGroupTypeReq                   0x100071cd   Thumb Code    34  main.o(.text)
    ATTCWriteReq                             0x100071ef   Thumb Code    32  main.o(.text)
    ATTCWriteCmdReq                          0x1000720f   Thumb Code    32  main.o(.text)
    ATTCPrepareWriteReq                      0x1000722f   Thumb Code    36  main.o(.text)
    ATTCExecuteWriteReq                      0x10007253   Thumb Code    24  main.o(.text)
    ATTCConfirmation                         0x1000726b   Thumb Code    20  main.o(.text)
    _SYSClockSwitch                          0x1000727f   Thumb Code    86  main.o(.text)
    MCUClockSwitch                           0x100072d5   Thumb Code     2  main.o(.text)
    GetMCUClock                              0x100072d7   Thumb Code    14  main.o(.text)
    GetClock                                 0x100072e5   Thumb Code    16  main.o(.text)
    WakeupConfig                             0x100072f5   Thumb Code    12  main.o(.text)
    LLSleep                                  0x10007301   Thumb Code    12  main.o(.text)
    Rand                                     0x1000730d   Thumb Code     4  main.o(.text)
    DelayUS                                  0x10007311   Thumb Code     6  main.o(.text)
    DelayMS                                  0x10007317   Thumb Code     4  main.o(.text)
    GetCompanyID                             0x1000731b   Thumb Code    18  main.o(.text)
    GetQFNType                               0x1000732d   Thumb Code    20  main.o(.text)
    RFRead                                   0x10007341   Thumb Code     8  main.o(.text)
    RFWrite                                  0x10007349   Thumb Code     8  main.o(.text)
    lib_check_ble_fsm_state                  0x10007351   Thumb Code    26  main.o(.text)
    SystemSleep                              0x1000736b   Thumb Code    86  main.o(.text)
    SystemPowerDown                          0x100073c1   Thumb Code    78  main.o(.text)
    SystemReset                              0x1000740f   Thumb Code    12  main.o(.text)
    CapdetEn                                 0x1000741b   Thumb Code    10  main.o(.text)
    PowerDownLPOEn                           0x10007425   Thumb Code    12  main.o(.text)
    SetBondManagerIndex                      0x10007431   Thumb Code    12  main.o(.text)
    GetBondDevice                            0x1000743d   Thumb Code     6  main.o(.text)
    AddBondDevice                            0x10007443   Thumb Code    12  main.o(.text)
    DelAllBondDevice                         0x1000744f   Thumb Code    10  main.o(.text)
    DelBondDevice                            0x10007459   Thumb Code    12  main.o(.text)
    ReadProfileData                          0x10007465   Thumb Code     6  main.o(.text)
    WriteProfileData                         0x1000746b   Thumb Code     6  main.o(.text)
    EraseFlashData                           0x10007471   Thumb Code    78  main.o(.text)
    ReadFlashData                            0x100074bf   Thumb Code    58  main.o(.text)
    WriteFlashData                           0x100074f9   Thumb Code    58  main.o(.text)
    CodeErase                                0x10007533   Thumb Code   100  main.o(.text)
    CodeErase_sector                         0x10007597   Thumb Code    72  main.o(.text)
    _FMCodeWrite                             0x100075df   Thumb Code    58  main.o(.text)
    CodeWrite                                0x10007619   Thumb Code    32  main.o(.text)
    CodeUpdate                               0x10007639   Thumb Code    10  main.o(.text)
    FlashDataUpdate                          0x10007643   Thumb Code   124  main.o(.text)
    ble_sched_execute                        0x100076bf   Thumb Code   150  main.o(.text)
    ble_sched_finish                         0x10007755   Thumb Code     4  main.o(.text)
    syd52832_chip_confirm                    0x10007759   Thumb Code    26  main.o(.text)
    gap_s_smart_update_latency               0x10007773   Thumb Code   210  main.o(.text)
    eFuseManual                              0x10007845   Thumb Code    28  main.o(.text)
    GPADC_Manual_Calibration                 0x10007861   Thumb Code    34  main.o(.text)
    GPADC_Get_Calibration                    0x10007883   Thumb Code    22  main.o(.text)
    GAPGetUartEn                             0x10007899   Thumb Code     6  main.o(.text)
    GAPUartEn                                0x1000789f   Thumb Code     6  main.o(.text)
    GAPBBDelayUS                             0x100078a5   Thumb Code     4  main.o(.text)
    GAPBBDelayMS                             0x100078a9   Thumb Code     6  main.o(.text)
    GAPGetRFAutoSleep                        0x100078af   Thumb Code     4  main.o(.text)
    GAPSetRFAutoSleep                        0x100078b3   Thumb Code     6  main.o(.text)
    Setting4kUpdate                          0x100078b9   Thumb Code   114  main.o(.text)
    SetDevAddr_toflash                       0x1000792b   Thumb Code    72  main.o(.text)
    gap_s_verdor_datas_get                   0x10007973   Thumb Code    28  main.o(.text)
    gap_s_verdor_datas_set                   0x1000798f   Thumb Code    66  main.o(.text)
    gap_s_is_ll_start_enc                    0x100079d1   Thumb Code    26  main.o(.text)
    GAPBBTXFIFO0Write                        0x100079eb   Thumb Code     4  main.o(.text)
    flash_peotect_key_confirm                0x100079ef   Thumb Code   148  main.o(.text)
    flash_data_offect_get                    0x10007a83   Thumb Code    50  main.o(.text)
    EraseCodeB                               0x10007ab5   Thumb Code    56  main.o(.text)
    ReadCodeB                                0x10007aed   Thumb Code    62  main.o(.text)
    WriteCodeB                               0x10007b2b   Thumb Code    62  main.o(.text)
    ble_SetTxPower                           0x10007b69   Thumb Code   280  main.o(.text)
    flash_data_size_get                      0x10007c81   Thumb Code    20  main.o(.text)
    code_idx_get                             0x10007c95   Thumb Code     6  main.o(.text)
    flash_data_size_set                      0x10007c9b   Thumb Code   148  main.o(.text)
    Get_RSSI_Last_RX                         0x10007d2f   Thumb Code    82  main.o(.text)
    APP_Read_Attribute_Encrypt               0x10007d81   Thumb Code    62  main.o(.text)
    APP_Write_Attribute_Encrypt              0x10007dbf   Thumb Code    66  main.o(.text)
    APP_Read_Charact_Permission              0x10007e01   Thumb Code    66  main.o(.text)
    smart_latency_target                     0x10007e43   Thumb Code    30  main.o(.text)
    smp_aes_encrypt                          0x10007e61   Thumb Code     4  main.o(.text)
    Timer_Evt_Creat                          0x10007fd9   Thumb Code    50  timer.o(.text)
    Min                                      0x1000800b   Thumb Code     8  timer.o(.text)
    timer_0_disable                          0x10008013   Thumb Code    48  timer.o(.text)
    timer_0_enable                           0x10008043   Thumb Code    96  timer.o(.text)
    timer_0_start                            0x100080a3   Thumb Code     2  timer.o(.text)
    Timer_Evt_Clr                            0x10008113   Thumb Code    10  timer.o(.text)
    timer_0_get                              0x1000811d   Thumb Code    32  timer.o(.text)
    Timer_Evt_Stop                           0x1000813d   Thumb Code   114  timer.o(.text)
    Timer_Evt_Start                          0x100081af   Thumb Code   144  timer.o(.text)
    Timer_Get_State                          0x1000823f   Thumb Code    34  timer.o(.text)
    SYD_Timer_Init                           0x10008261   Thumb Code    34  timer.o(.text)
    timer_0_delay_32us                       0x10008283   Thumb Code    66  timer.o(.text)
    TIMER0_IRQHandler                        0x100082c5   Thumb Code    32  timer.o(.text)
    timer_1_enable                           0x100082e5   Thumb Code    96  timer.o(.text)
    timer_1_disable                          0x10008345   Thumb Code    48  timer.o(.text)
    TIMER1_IRQHandler                        0x10008375   Thumb Code    32  timer.o(.text)
    timer_2_enable                           0x10008395   Thumb Code   110  timer.o(.text)
    timer_2_get_val                          0x10008403   Thumb Code    34  timer.o(.text)
    timer_2_disable                          0x10008425   Thumb Code    48  timer.o(.text)
    TIMER2_IRQHandler                        0x10008455   Thumb Code    32  timer.o(.text)
    rtc_get_calendar                         0x100084b1   Thumb Code    40  rtc.o(.text)
    RTC_RUN                                  0x100084d9   Thumb Code    66  rtc.o(.text)
    rtc_set_compare                          0x1000851b   Thumb Code    68  rtc.o(.text)
    RTC_SET                                  0x1000855f   Thumb Code    84  rtc.o(.text)
    RTC_Refressh                             0x100085b3   Thumb Code    76  rtc.o(.text)
    RTC_EVT_Creat                            0x100085ff   Thumb Code    32  rtc.o(.text)
    Min_RTC                                  0x1000861f   Thumb Code     8  rtc.o(.text)
    rtc_int_disable                          0x10008627   Thumb Code    24  rtc.o(.text)
    RTC_EVT_Clr                              0x100086dd   Thumb Code    10  rtc.o(.text)
    RTC_EVT_Stop                             0x100086e7   Thumb Code   112  rtc.o(.text)
    RTC_EVT_Start                            0x10008757   Thumb Code   146  rtc.o(.text)
    RTC_EVT_whole_minute_setid               0x100087e9   Thumb Code     6  rtc.o(.text)
    RTC_EVT_whole_minute_adj                 0x100087ef   Thumb Code   132  rtc.o(.text)
    RTC_Get_State                            0x10008873   Thumb Code    54  rtc.o(.text)
    rtc_start                                0x100088a9   Thumb Code    28  rtc.o(.text)
    rtc_set_interrupt_callback               0x100088c5   Thumb Code     6  rtc.o(.text)
    rtc_int_enable                           0x100088cb   Thumb Code    22  rtc.o(.text)
    rtc_int_clear                            0x100088e1   Thumb Code    22  rtc.o(.text)
    rtc_set_calendar                         0x100088f7   Thumb Code    40  rtc.o(.text)
    rtc_set_prescaler                        0x1000891f   Thumb Code    34  rtc.o(.text)
    rtc_clear                                0x10008941   Thumb Code    18  rtc.o(.text)
    rtc_stop                                 0x10008953   Thumb Code    30  rtc.o(.text)
    rtc_init                                 0x10008971   Thumb Code   126  rtc.o(.text)
    SYD_RTC_Init                             0x100089ef   Thumb Code    40  rtc.o(.text)
    RTC_IRQHandler                           0x10008a17   Thumb Code    30  rtc.o(.text)
    rtc_status                               0x10008a35   Thumb Code     6  rtc.o(.text)
    rtc_get_compare                          0x10008a3b   Thumb Code    52  rtc.o(.text)
    __aeabi_uidiv                            0x10008a81   Thumb Code     0  uidiv.o(.text)
    __aeabi_uidivmod                         0x10008a81   Thumb Code    44  uidiv.o(.text)
    __aeabi_idiv                             0x10008aad   Thumb Code     0  idiv.o(.text)
    __aeabi_idivmod                          0x10008aad   Thumb Code    40  idiv.o(.text)
    __aeabi_memcpy                           0x10008ad5   Thumb Code    36  memcpya.o(.text)
    __aeabi_memcpy4                          0x10008ad5   Thumb Code     0  memcpya.o(.text)
    __aeabi_memcpy8                          0x10008ad5   Thumb Code     0  memcpya.o(.text)
    __aeabi_memset                           0x10008af9   Thumb Code    14  memseta.o(.text)
    __aeabi_memset4                          0x10008af9   Thumb Code     0  memseta.o(.text)
    __aeabi_memset8                          0x10008af9   Thumb Code     0  memseta.o(.text)
    __aeabi_memclr                           0x10008b07   Thumb Code     4  memseta.o(.text)
    __aeabi_memclr4                          0x10008b07   Thumb Code     0  memseta.o(.text)
    __aeabi_memclr8                          0x10008b07   Thumb Code     0  memseta.o(.text)
    _memset$wrapper                          0x10008b0b   Thumb Code    18  memseta.o(.text)
    memcmp                                   0x10008b1d   Thumb Code    26  memcmp.o(.text)
    strcpy                                   0x10008b37   Thumb Code    18  strcpy.o(.text)
    __aeabi_uread4                           0x10008b49   Thumb Code    20  uread4.o(.text)
    __rt_uread4                              0x10008b49   Thumb Code     0  uread4.o(.text)
    _uread4                                  0x10008b49   Thumb Code     0  uread4.o(.text)
    __aeabi_uwrite4                          0x10008b5d   Thumb Code    18  uwrite4.o(.text)
    __rt_uwrite4                             0x10008b5d   Thumb Code     0  uwrite4.o(.text)
    _uwrite4                                 0x10008b5d   Thumb Code     0  uwrite4.o(.text)
    __aeabi_fadd                             0x10008b6f   Thumb Code   162  fadd.o(.text)
    __aeabi_fsub                             0x10008c11   Thumb Code     8  fadd.o(.text)
    __aeabi_frsub                            0x10008c19   Thumb Code     8  fadd.o(.text)
    __aeabi_dadd                             0x10008c21   Thumb Code   328  dadd.o(.text)
    __aeabi_dsub                             0x10008d69   Thumb Code    12  dadd.o(.text)
    __aeabi_drsub                            0x10008d75   Thumb Code    12  dadd.o(.text)
    __aeabi_dmul                             0x10008d85   Thumb Code   202  dmul.o(.text)
    __aeabi_ddiv                             0x10008e55   Thumb Code   234  ddiv.o(.text)
    __ARM_scalbn                             0x10008f45   Thumb Code    44  dscalb.o(.text)
    scalbn                                   0x10008f45   Thumb Code     0  dscalb.o(.text)
    __aeabi_ui2f                             0x10008f71   Thumb Code    14  ffltui.o(.text)
    __aeabi_i2d                              0x10008f81   Thumb Code    34  dflti.o(.text)
    __aeabi_ui2d                             0x10008fa9   Thumb Code    24  dfltui.o(.text)
    __aeabi_d2uiz                            0x10008fc5   Thumb Code    50  dfixui.o(.text)
    __aeabi_f2d                              0x10009001   Thumb Code    40  f2d.o(.text)
    __aeabi_cdcmpeq                          0x10009029   Thumb Code     0  cdcmple.o(.text)
    __aeabi_cdcmple                          0x10009029   Thumb Code    38  cdcmple.o(.text)
    __aeabi_cdrcmple                         0x10009051   Thumb Code    38  cdrcmple.o(.text)
    __aeabi_d2f                              0x10009079   Thumb Code    56  d2f.o(.text)
    __aeabi_uldivmod                         0x100090b1   Thumb Code    96  uldiv.o(.text)
    __aeabi_llsl                             0x10009111   Thumb Code    32  llshl.o(.text)
    _ll_shift_l                              0x10009111   Thumb Code     0  llshl.o(.text)
    __aeabi_llsr                             0x10009131   Thumb Code    34  llushr.o(.text)
    _ll_ushift_r                             0x10009131   Thumb Code     0  llushr.o(.text)
    __aeabi_lasr                             0x10009153   Thumb Code    38  llsshr.o(.text)
    _ll_sshift_r                             0x10009153   Thumb Code     0  llsshr.o(.text)
    __I$use$fp                               0x10009179   Thumb Code     0  iusefp.o(.text)
    _float_round                             0x10009179   Thumb Code    16  fepilogue.o(.text)
    _float_epilogue                          0x10009189   Thumb Code   114  fepilogue.o(.text)
    _double_round                            0x100091fb   Thumb Code    26  depilogue.o(.text)
    _double_epilogue                         0x10009215   Thumb Code   164  depilogue.o(.text)
    __aeabi_d2ulz                            0x100092b9   Thumb Code    54  dfixul.o(.text)
    __scatterload                            0x100092f9   Thumb Code    28  init.o(.text)
    __scatterload_rt2                        0x100092f9   Thumb Code     0  init.o(.text)
    __decompress                             0x1000931d   Thumb Code     0  __dczerorl2.o(.text)
    __decompress1                            0x1000931d   Thumb Code    86  __dczerorl2.o(.text)
    __0sprintf                               0x10009375   Thumb Code    36  printfa.o(i.__0sprintf)
    __1sprintf                               0x10009375   Thumb Code     0  printfa.o(i.__0sprintf)
    __2sprintf                               0x10009375   Thumb Code     0  printfa.o(i.__0sprintf)
    __c89sprintf                             0x10009375   Thumb Code     0  printfa.o(i.__0sprintf)
    sprintf                                  0x10009375   Thumb Code     0  printfa.o(i.__0sprintf)
    __ARM_clz                                0x1000939d   Thumb Code    46  depilogue.o(i.__ARM_clz)
    __ARM_common_switch8                     0x100093cb   Thumb Code    26  main.o(i.__ARM_common_switch8)
    __scatterload_copy                       0x100093e5   Thumb Code    14  handlers.o(i.__scatterload_copy)
    __scatterload_null                       0x100093f3   Thumb Code     2  handlers.o(i.__scatterload_null)
    __scatterload_zeroinit                   0x100093f5   Thumb Code    14  handlers.o(i.__scatterload_zeroinit)
    ip_tab                                   0x10009cba   Data           4  main.o(.constdata)
    keycode_tab                              0x10009cbe   Data           6  main.o(.constdata)
    sn_tab                                   0x10009cc4   Data           8  main.o(.constdata)
    HexTab                                   0x10009ccc   Data          16  main.o(.constdata)
    CEREG_check5                             0x1000be04   Data           4  uart_4g.o(.constdata)
    hex2ascii_tab                            0x1000be08   Data          17  uart_4g.o(.constdata)
    dscrc_table                              0x1000be19   Data         256  uart_4g.o(.constdata)
    CIPSEND_tab                              0x1000bf19   Data          14  uart_4g.o(.constdata)
    soft_ver                                 0x1000bf27   Data          19  uart_4g.o(.constdata)
    mon_table                                0x1000bf3a   Data          12  uart_4g.o(.constdata)
    ATE0_tab                                 0x1000bf46   Data           7  uart_4g.o(.constdata)
    ATE0_check                               0x1000bf4d   Data           3  uart_4g.o(.constdata)
    CEREG_tab                                0x1000bf50   Data          12  uart_4g.o(.constdata)
    CEREG_check                              0x1000bf5c   Data           4  uart_4g.o(.constdata)
    CGATT_tab                                0x1000bf60   Data          12  uart_4g.o(.constdata)
    CGATT_check                              0x1000bf6c   Data           3  uart_4g.o(.constdata)
    CSQ_tab                                  0x1000bf6f   Data           9  uart_4g.o(.constdata)
    CSQ_check                                0x1000bf78   Data           3  uart_4g.o(.constdata)
    CGSN1_tab                                0x1000bf7b   Data          10  uart_4g.o(.constdata)
    CGSN1_check                              0x1000bf85   Data           3  uart_4g.o(.constdata)
    QCCID_tab                                0x1000bf88   Data          11  uart_4g.o(.constdata)
    QCCID_check                              0x1000bf93   Data           3  uart_4g.o(.constdata)
    QICSGP_tab                               0x1000bf96   Data          26  uart_4g.o(.constdata)
    QICSGP_check                             0x1000bfb0   Data           3  uart_4g.o(.constdata)
    NETOPEN_tab                              0x1000bfb3   Data          13  uart_4g.o(.constdata)
    NETOPEN_check                            0x1000bfc0   Data           3  uart_4g.o(.constdata)
    sendURL_message_tab                      0x1000bfc3   Data          50  uart_4g.o(.constdata)
    sendURL_message_check                    0x1000bff5   Data          13  uart_4g.o(.constdata)
    Region$$Table$$Base                      0x1000c014   Number         0  anon$$obj.o(Region$$Table)
    Region$$Table$$Limit                     0x1000c034   Number         0  anon$$obj.o(Region$$Table)
    update_latency_mode                      0x20003000   Data           1  main.o(.data)
    latency_state                            0x20003001   Data           1  main.o(.data)
    ble_status                               0x20003002   Data           1  main.o(.data)
    ota_event_flag                           0x20003003   Data           1  main.o(.data)
    gatt_Recive_flag                         0x20003004   Data           1  main.o(.data)
    flag_00                                  0x20003005   Data           1  main.o(.data)
    netUpLoadSendCnt                         0x20003008   Data           4  main.o(.data)
    ADV_DATA                                 0x20003010   Data          17  main.o(.data)
    SCAN_DATA                                0x20003021   Data          22  main.o(.data)
    start_tx                                 0x20003038   Data           1  user_app.o(.data)
    connect_flag                             0x20003039   Data           1  user_app.o(.data)
    WakeupSource                             0x2000303a   Data           1  user_app.o(.data)
    Systerm_States                           0x2000303b   Data           1  user_app.o(.data)
    lock_state                               0x2000303c   Data           1  user_app.o(.data)
    GetConnectTimeSuccess                    0x2000303e   Data           1  user_app.o(.data)
    ConnectPasswordCorrect                   0x2000303f   Data           1  user_app.o(.data)
    key_state                                0x20003041   Data           1  user_app.o(.data)
    key_lock                                 0x20003042   Data           1  user_app.o(.data)
    key_enable                               0x20003043   Data           1  user_app.o(.data)
    StateKeyState                            0x20003044   Data           1  user_app.o(.data)
    key_state_lock                           0x20003045   Data           1  user_app.o(.data)
    LockOpen_Report                          0x20003046   Data           1  user_app.o(.data)
    timerSendFlag                            0x20003047   Data           1  user_app.o(.data)
    key_delay_cnt                            0x2000304c   Data           4  user_app.o(.data)
    adc_value                                0x20003052   Data           2  battery.o(.data)
    redstatus                                0x20003054   Data           1  led.o(.data)
    bluestatus                               0x20003055   Data           1  led.o(.data)
    dischrg_flag                             0x20003056   Data           1  led.o(.data)
    StateOld                                 0x20003058   Data           1  input.o(.data)
    MotorState                               0x20003064   Data           1  motor.o(.data)
    TIMER_EVENT                              0x20003068   Data           4  os_timer.o(.data)
    report_cnt                               0x2000316d   Data           1  uart_4g.o(.data)
    CIPSEND_step                             0x2000316e   Data           1  uart_4g.o(.data)
    message_offset                           0x20003170   Data           4  uart_4g.o(.data)
    reset_cnt                                0x20003174   Data           4  uart_4g.o(.data)
    send_message_process_tab                 0x20003178   Data          72  uart_4g.o(.data)
    ota_state                                0x200031c4   Data           1  ota.o(.data)
    ota_writecnt                             0x200031c5   Data           1  ota.o(.data)
    ota_section_size                         0x200031c6   Data           2  ota.o(.data)
    ota_receive_size                         0x200031c8   Data           2  ota.o(.data)
    ota_section_check                        0x200031ca   Data           2  ota.o(.data)
    ota_receive_check                        0x200031cc   Data           2  ota.o(.data)
    ota_section_offset                       0x200031d0   Data           4  ota.o(.data)
    pevt                                     0x200031d4   Data           4  ota.o(.data)
    PIN_CONFIG                               0x200031e0   Data           4  gpio.o(.data)
    GPIO_CTRL                                0x200031e4   Data           4  gpio.o(.data)
    GPO_CTRL                                 0x200031e8   Data           4  gpio.o(.data)
    GPI_CTRL                                 0x200031ec   Data           4  gpio.o(.data)
    GPIO_IRQ_CTRL                            0x200031f0   Data           4  gpio.o(.data)
    syd_history_setting_str                  0x20003228   Data           4  rtc_handler.o(.data)
    channel                                  0x2000322c   Data           1  gpadc.o(.data)
    GPADC                                    0x20003230   Data           4  gpadc.o(.data)
    SystemCoreClock                          0x2000323c   Data           4  system_armcm0.o(.data)
    p_gett_db_hdr                            0x2000325c   Data           4  main.o(.data)
    Event_Num                                0x2000327c   Data           1  timer.o(.data)
    max_trigger_timer                        0x20003284   Data           4  timer.o(.data)
    TIMER_EVT                                0x20003288   Data           4  timer.o(.data)
    Timer_Evt_Trigger_Loop_now               0x2000328c   Data           4  timer.o(.data)
    sys_timer_max_p                          0x20003290   Data           4  timer.o(.data)
    sys_timer_current_p                      0x20003294   Data           4  timer.o(.data)
    RTC_Event_Num                            0x20003299   Data           1  rtc.o(.data)
    max_trigger_rtc                          0x2000329c   Data           4  rtc.o(.data)
    RTC_EVT                                  0x200032a0   Data           4  rtc.o(.data)
    RTC_RTCEVT_Trigger_Loop_now              0x200032a4   Data           4  rtc.o(.data)
    RTC_second_now                           0x200032a8   Data           4  rtc.o(.data)
    sys_rtc_max_p                            0x200032ac   Data           4  rtc.o(.data)
    sys_rtc_current_p                        0x200032b0   Data           4  rtc.o(.data)
    RTCEVT_whole_minute_id                   0x200032b4   Data           4  rtc.o(.data)
    RTC_second_last                          0x200032bc   Data           4  rtc.o(.data)
    data_write                               0x200032c0   Data          24  main.o(.bss)
    data_read                                0x200032d8   Data          24  main.o(.bss)
    _user                                    0x200032f0   Data         116  main.o(.bss)
    eep_save                                 0x20003364   Data          36  main.o(.bss)
    GPS                                      0x20003388   Data        1176  main.o(.bss)
    gatt_buff                                0x20003820   Data          20  user_app.o(.bss)
    aes_key1                                 0x20003834   Data          16  user_app.o(.bss)
    aes_key2                                 0x20003844   Data          16  user_app.o(.bss)
    net4G                                    0x200038e4   Data         340  uart_4g.o(.bss)
    uart                                     0x20003a38   Data          32  uart_t.o(.bss)
    ota_w                                    0x20003a58   Data          40  ota.o(.bss)
    syd_sysTimer                             0x20003a80   Data          48  timer_handler.o(.bss)
    syd_rtc                                  0x20003ab0   Data          48  rtc_handler.o(.bss)
    _SEGGER_RTT                              0x20003ae0   Data          72  segger_rtt.o(.bss)
    __initial_sp                             0x200043b0   Data           0  startup_armcm0.o(STACK)



==============================================================================

Memory Map of the image

  Image Entry point : 0x100000c1

  Load Region LR_IROM1 (Base: 0x10000000, Size: 0x0000c2f4, Max: 0x0003f000, ABSOLUTE, COMPRESSED[0x0000c21c])

    Execution Region ER_IROM1 (Exec base: 0x10000000, Load base: 0x10000000, Size: 0x0000c034, Max: 0x0003f000, ABSOLUTE)

    Exec Addr    Load Addr    Size         Type   Attr      Idx    E Section Name        Object

    0x10000000   0x10000000   0x000000c0   Data   RO         1294    RESET               startup_armcm0.o
    0x100000c0   0x100000c0   0x00000000   Code   RO         1524  * .ARM.Collect$$$$00000000  mc_p.l(entry.o)
    0x100000c0   0x100000c0   0x00000004   Code   RO         1841    .ARM.Collect$$$$00000001  mc_p.l(entry2.o)
    0x100000c4   0x100000c4   0x00000004   Code   RO         1844    .ARM.Collect$$$$00000004  mc_p.l(entry5.o)
    0x100000c8   0x100000c8   0x00000000   Code   RO         1846    .ARM.Collect$$$$00000008  mc_p.l(entry7b.o)
    0x100000c8   0x100000c8   0x00000000   Code   RO         1848    .ARM.Collect$$$$0000000A  mc_p.l(entry8b.o)
    0x100000c8   0x100000c8   0x00000008   Code   RO         1849    .ARM.Collect$$$$0000000B  mc_p.l(entry9a.o)
    0x100000d0   0x100000d0   0x00000000   Code   RO         1851    .ARM.Collect$$$$0000000D  mc_p.l(entry10a.o)
    0x100000d0   0x100000d0   0x00000000   Code   RO         1853    .ARM.Collect$$$$0000000F  mc_p.l(entry11a.o)
    0x100000d0   0x100000d0   0x00000004   Code   RO         1842    .ARM.Collect$$$$00002712  mc_p.l(entry2.o)
    0x100000d4   0x100000d4   0x00000e5c   Code   RO            3    .text               main.o
    0x10000f30   0x10000f30   0x00000020   Code   RO          156    .text               delay.o
    0x10000f50   0x10000f50   0x000011c8   Code   RO          185    .text               user_app.o
    0x10002118   0x10002118   0x0000010c   Code   RO          261    .text               battery.o
    0x10002224   0x10002224   0x0000023c   Code   RO          297    .text               led.o
    0x10002460   0x10002460   0x00000194   Code   RO          346    .text               input.o
    0x100025f4   0x100025f4   0x00000090   Code   RO          410    .text               motor.o
    0x10002684   0x10002684   0x000000ec   Code   RO          453    .text               os_timer.o
    0x10002770   0x10002770   0x00000b3c   Code   RO          478    .text               my_aes.o
    0x100032ac   0x100032ac   0x000015de   Code   RO          514    .text               uart_4g.o
    0x1000488a   0x1000488a   0x00000002   PAD
    0x1000488c   0x1000488c   0x000001dc   Code   RO          627    .text               e103w08b.o
    0x10004a68   0x10004a68   0x000005d8   Code   RO          724    .text               ota.o
    0x10005040   0x10005040   0x00000364   Code   RO          754    .text               gpio.o
    0x100053a4   0x100053a4   0x0000004c   Code   RO          807    .text               timer_handler.o
    0x100053f0   0x100053f0   0x0000004c   Code   RO          840    .text               rtc_handler.o
    0x1000543c   0x1000543c   0x00000224   Code   RO          868    .text               gpadc.o
    0x10005660   0x10005660   0x0000004c   Code   RO          895    .text               wdt.o
    0x100056ac   0x100056ac   0x000000c4   Code   RO          921    .text               pwm.o
    0x10005770   0x10005770   0x000001a4   Code   RO          983    .text               segger_rtt.o
    0x10005914   0x10005914   0x00000428   Code   RO         1152    .text               segger_rtt_printf.o
    0x10005d3c   0x10005d3c   0x0000001c   Code   RO         1295    .text               startup_armcm0.o
    0x10005d58   0x10005d58   0x00000010   Code   RO         1302    .text               system_armcm0.o
    0x10005d68   0x10005d68   0x00002270   Code   RO         1333    .text               syd8811_ble_lib.lib(main.o)
    0x10007fd8   0x10007fd8   0x000004d8   Code   RO         1431    .text               Syd8811_softtimer_lib.lib(timer.o)
    0x100084b0   0x100084b0   0x000005d0   Code   RO         1489    .text               Syd8811_softtimer_lib.lib(rtc.o)
    0x10008a80   0x10008a80   0x0000002c   Code   RO         1532    .text               mc_p.l(uidiv.o)
    0x10008aac   0x10008aac   0x00000028   Code   RO         1534    .text               mc_p.l(idiv.o)
    0x10008ad4   0x10008ad4   0x00000024   Code   RO         1536    .text               mc_p.l(memcpya.o)
    0x10008af8   0x10008af8   0x00000024   Code   RO         1538    .text               mc_p.l(memseta.o)
    0x10008b1c   0x10008b1c   0x0000001a   Code   RO         1544    .text               mc_p.l(memcmp.o)
    0x10008b36   0x10008b36   0x00000012   Code   RO         1546    .text               mc_p.l(strcpy.o)
    0x10008b48   0x10008b48   0x00000014   Code   RO         1811    .text               mc_p.l(uread4.o)
    0x10008b5c   0x10008b5c   0x00000012   Code   RO         1813    .text               mc_p.l(uwrite4.o)
    0x10008b6e   0x10008b6e   0x000000b2   Code   RO         1815    .text               mf_p.l(fadd.o)
    0x10008c20   0x10008c20   0x00000164   Code   RO         1817    .text               mf_p.l(dadd.o)
    0x10008d84   0x10008d84   0x000000d0   Code   RO         1819    .text               mf_p.l(dmul.o)
    0x10008e54   0x10008e54   0x000000f0   Code   RO         1821    .text               mf_p.l(ddiv.o)
    0x10008f44   0x10008f44   0x0000002c   Code   RO         1823    .text               mf_p.l(dscalb.o)
    0x10008f70   0x10008f70   0x0000000e   Code   RO         1825    .text               mf_p.l(ffltui.o)
    0x10008f7e   0x10008f7e   0x00000002   PAD
    0x10008f80   0x10008f80   0x00000028   Code   RO         1827    .text               mf_p.l(dflti.o)
    0x10008fa8   0x10008fa8   0x0000001c   Code   RO         1829    .text               mf_p.l(dfltui.o)
    0x10008fc4   0x10008fc4   0x0000003c   Code   RO         1831    .text               mf_p.l(dfixui.o)
    0x10009000   0x10009000   0x00000028   Code   RO         1833    .text               mf_p.l(f2d.o)
    0x10009028   0x10009028   0x00000028   Code   RO         1835    .text               mf_p.l(cdcmple.o)
    0x10009050   0x10009050   0x00000028   Code   RO         1837    .text               mf_p.l(cdrcmple.o)
    0x10009078   0x10009078   0x00000038   Code   RO         1839    .text               mf_p.l(d2f.o)
    0x100090b0   0x100090b0   0x00000060   Code   RO         1856    .text               mc_p.l(uldiv.o)
    0x10009110   0x10009110   0x00000020   Code   RO         1858    .text               mc_p.l(llshl.o)
    0x10009130   0x10009130   0x00000022   Code   RO         1860    .text               mc_p.l(llushr.o)
    0x10009152   0x10009152   0x00000026   Code   RO         1862    .text               mc_p.l(llsshr.o)
    0x10009178   0x10009178   0x00000000   Code   RO         1864    .text               mc_p.l(iusefp.o)
    0x10009178   0x10009178   0x00000082   Code   RO         1866    .text               mf_p.l(fepilogue.o)
    0x100091fa   0x100091fa   0x000000be   Code   RO         1868    .text               mf_p.l(depilogue.o)
    0x100092b8   0x100092b8   0x00000040   Code   RO         1872    .text               mf_p.l(dfixul.o)
    0x100092f8   0x100092f8   0x00000024   Code   RO         1874    .text               mc_p.l(init.o)
    0x1000931c   0x1000931c   0x00000056   Code   RO         1884    .text               mc_p.l(__dczerorl2.o)
    0x10009372   0x10009372   0x00000002   PAD
    0x10009374   0x10009374   0x00000028   Code   RO         1785    i.__0sprintf        mc_p.l(printfa.o)
    0x1000939c   0x1000939c   0x0000002e   Code   RO         1870    i.__ARM_clz         mf_p.l(depilogue.o)
    0x100093ca   0x100093ca   0x0000001a   Code   RO           27    i.__ARM_common_switch8  main.o
    0x100093e4   0x100093e4   0x0000000e   Code   RO         1878    i.__scatterload_copy  mc_p.l(handlers.o)
    0x100093f2   0x100093f2   0x00000002   Code   RO         1879    i.__scatterload_null  mc_p.l(handlers.o)
    0x100093f4   0x100093f4   0x0000000e   Code   RO         1880    i.__scatterload_zeroinit  mc_p.l(handlers.o)
    0x10009402   0x10009402   0x00000002   PAD
    0x10009404   0x10009404   0x00000174   Code   RO         1790    i._fp_digits        mc_p.l(printfa.o)
    0x10009578   0x10009578   0x000006ec   Code   RO         1791    i._printf_core      mc_p.l(printfa.o)
    0x10009c64   0x10009c64   0x00000020   Code   RO         1792    i._printf_post_padding  mc_p.l(printfa.o)
    0x10009c84   0x10009c84   0x0000002c   Code   RO         1793    i._printf_pre_padding  mc_p.l(printfa.o)
    0x10009cb0   0x10009cb0   0x0000000a   Code   RO         1795    i._sputc            mc_p.l(printfa.o)
    0x10009cba   0x10009cba   0x00000022   Data   RO            6    .constdata          main.o
    0x10009cdc   0x10009cdc   0x00002128   Data   RO          482    .constdata          my_aes.o
    0x1000be04   0x1000be04   0x00000142   Data   RO          521    .constdata          uart_4g.o
    0x1000bf46   0x1000bf46   0x00000007   Data   RO          522    .constdata          uart_4g.o
    0x1000bf4d   0x1000bf4d   0x00000003   Data   RO          523    .constdata          uart_4g.o
    0x1000bf50   0x1000bf50   0x0000000c   Data   RO          525    .constdata          uart_4g.o
    0x1000bf5c   0x1000bf5c   0x00000004   Data   RO          526    .constdata          uart_4g.o
    0x1000bf60   0x1000bf60   0x0000000c   Data   RO          527    .constdata          uart_4g.o
    0x1000bf6c   0x1000bf6c   0x00000003   Data   RO          528    .constdata          uart_4g.o
    0x1000bf6f   0x1000bf6f   0x00000009   Data   RO          529    .constdata          uart_4g.o
    0x1000bf78   0x1000bf78   0x00000003   Data   RO          530    .constdata          uart_4g.o
    0x1000bf7b   0x1000bf7b   0x0000000a   Data   RO          531    .constdata          uart_4g.o
    0x1000bf85   0x1000bf85   0x00000003   Data   RO          532    .constdata          uart_4g.o
    0x1000bf88   0x1000bf88   0x0000000b   Data   RO          533    .constdata          uart_4g.o
    0x1000bf93   0x1000bf93   0x00000003   Data   RO          534    .constdata          uart_4g.o
    0x1000bf96   0x1000bf96   0x0000001a   Data   RO          535    .constdata          uart_4g.o
    0x1000bfb0   0x1000bfb0   0x00000003   Data   RO          536    .constdata          uart_4g.o
    0x1000bfb3   0x1000bfb3   0x0000000d   Data   RO          539    .constdata          uart_4g.o
    0x1000bfc0   0x1000bfc0   0x00000003   Data   RO          540    .constdata          uart_4g.o
    0x1000bfc3   0x1000bfc3   0x00000032   Data   RO          542    .constdata          uart_4g.o
    0x1000bff5   0x1000bff5   0x0000000d   Data   RO          544    .constdata          uart_4g.o
    0x1000c002   0x1000c002   0x00000010   Data   RO         1153    .constdata          segger_rtt_printf.o
    0x1000c012   0x1000c012   0x00000002   PAD
    0x1000c014   0x1000c014   0x00000020   Data   RO         1876    Region$$Table       anon$$obj.o


    Execution Region RW_IRAM1 (Exec base: 0x20003000, Load base: 0x1000c034, Size: 0x000013b0, Max: 0x00005000, ABSOLUTE, COMPRESSED[0x000001e8])

    Exec Addr    Load Addr    Size         Type   Attr      Idx    E Section Name        Object

    0x20003000   COMPRESSED   0x00000037   Data   RW            8    .data               main.o
    0x20003037   COMPRESSED   0x00000001   PAD
    0x20003038   COMPRESSED   0x00000018   Data   RW          190    .data               user_app.o
    0x20003050   COMPRESSED   0x00000004   Data   RW          262    .data               battery.o
    0x20003054   COMPRESSED   0x00000003   Data   RW          300    .data               led.o
    0x20003057   COMPRESSED   0x00000001   PAD
    0x20003058   COMPRESSED   0x0000000c   Data   RW          348    .data               input.o
    0x20003064   COMPRESSED   0x00000001   Data   RW          412    .data               motor.o
    0x20003065   COMPRESSED   0x00000003   PAD
    0x20003068   COMPRESSED   0x00000004   Data   RW          455    .data               os_timer.o
    0x2000306c   COMPRESSED   0x00000100   Data   RW          483    .data               my_aes.o
    0x2000316c   COMPRESSED   0x00000054   Data   RW          545    .data               uart_4g.o
    0x200031c0   COMPRESSED   0x00000004   Data   RW          631    .data               e103w08b.o
    0x200031c4   COMPRESSED   0x0000001c   Data   RW          726    .data               ota.o
    0x200031e0   COMPRESSED   0x00000048   Data   RW          759    .data               gpio.o
    0x20003228   COMPRESSED   0x00000004   Data   RW          842    .data               rtc_handler.o
    0x2000322c   COMPRESSED   0x00000008   Data   RW          869    .data               gpadc.o
    0x20003234   COMPRESSED   0x00000004   Data   RW          896    .data               wdt.o
    0x20003238   COMPRESSED   0x00000002   Data   RW          925    .data               pwm.o
    0x2000323a   COMPRESSED   0x00000002   PAD
    0x2000323c   COMPRESSED   0x00000004   Data   RW         1303    .data               system_armcm0.o
    0x20003240   COMPRESSED   0x0000003c   Data   RW         1335    .data               syd8811_ble_lib.lib(main.o)
    0x2000327c   COMPRESSED   0x0000001c   Data   RW         1433    .data               Syd8811_softtimer_lib.lib(timer.o)
    0x20003298   COMPRESSED   0x00000028   Data   RW         1490    .data               Syd8811_softtimer_lib.lib(rtc.o)
    0x200032c0        -       0x000000c8   Zero   RW            4    .bss                main.o
    0x20003388        -       0x00000498   Zero   RW            5    .bss                main.o
    0x20003820        -       0x00000034   Zero   RW          189    .bss                user_app.o
    0x20003854        -       0x00000090   Zero   RW          454    .bss                os_timer.o
    0x200038e4        -       0x00000154   Zero   RW          520    .bss                uart_4g.o
    0x20003a38        -       0x00000020   Zero   RW          676    .bss                uart_t.o
    0x20003a58        -       0x00000028   Zero   RW          725    .bss                ota.o
    0x20003a80        -       0x00000030   Zero   RW          808    .bss                timer_handler.o
    0x20003ab0        -       0x00000030   Zero   RW          841    .bss                rtc_handler.o
    0x20003ae0        -       0x00000458   Zero   RW         1007    .bss                segger_rtt.o
    0x20003f38        -       0x00000068   Zero   RW         1334    .bss                syd8811_ble_lib.lib(main.o)
    0x20003fa0        -       0x0000000c   Zero   RW         1432    .bss                Syd8811_softtimer_lib.lib(timer.o)
    0x20003fac   COMPRESSED   0x00000004   PAD
    0x20003fb0        -       0x00000400   Zero   RW         1292    STACK               startup_armcm0.o


==============================================================================

Image component sizes


      Code (inc. data)   RO Data    RW Data    ZI Data      Debug   Object Name

       268         64          0          4          0      30615   battery.o
        32          6          0          0          0        619   delay.o
       476         44          0          4          0      11593   e103w08b.o
       548         60          0          8          0       2839   gpadc.o
       868         14          0         72          0      12161   gpio.o
       404         16          0         12          0       4491   input.o
       572         66          0          3          0       3866   led.o
      3702        940         34         55       1376      58628   main.o
       144         10          0          1          0       3295   motor.o
      2876         94       8488        256          0      15594   my_aes.o
       236         10          0          4        144       2295   os_timer.o
      1496        510          0         28         40       6253   ota.o
       196         68          0          2          0       2396   pwm.o
        76         12          0          4         48       3171   rtc_handler.o
       420         32          0          0       1112       7004   segger_rtt.o
      1064         32         16          0          0       6248   segger_rtt_printf.o
        28          8        192          0       1024        684   startup_armcm0.o
        16          8          0          4          0        803   system_armcm0.o
        76         12          0          0         48       3154   timer_handler.o
      5598        324        510         84        340      18483   uart_4g.o
         0          0          0          0         32        895   uart_t.o
      4552        602          0         24         52       9835   user_app.o
        76         14          0          4          0       1435   wdt.o

    ----------------------------------------------------------------------
     23726       2946       9274        576       4216     206357   Object Totals
         0          0         32          0          0          0   (incl. Generated)
         2          0          2          7          0          0   (incl. Padding)

    ----------------------------------------------------------------------

      Code (inc. data)   RO Data    RW Data    ZI Data      Debug   Library Member Name

      1488         38          0         40          0      17407   rtc.o
      1240         26          0         28         12      40773   timer.o
        86          0          0          0          0          0   __dczerorl2.o
         0          0          0          0          0          0   entry.o
         0          0          0          0          0          0   entry10a.o
         0          0          0          0          0          0   entry11a.o
         8          4          0          0          0          0   entry2.o
         4          0          0          0          0          0   entry5.o
         0          0          0          0          0          0   entry7b.o
         0          0          0          0          0          0   entry8b.o
         8          4          0          0          0          0   entry9a.o
        30          0          0          0          0          0   handlers.o
        40          0          0          0          0         72   idiv.o
        36          8          0          0          0         68   init.o
         0          0          0          0          0          0   iusefp.o
        32          0          0          0          0         68   llshl.o
        38          0          0          0          0         68   llsshr.o
        34          0          0          0          0         68   llushr.o
        26          0          0          0          0         72   memcmp.o
        36          0          0          0          0         60   memcpya.o
        36          0          0          0          0        100   memseta.o
      2270         94          0          0          0        472   printfa.o
        18          0          0          0          0         60   strcpy.o
        44          0          0          0          0         72   uidiv.o
        96          0          0          0          0         84   uldiv.o
        20          0          0          0          0         60   uread4.o
        18          0          0          0          0         60   uwrite4.o
        40          2          0          0          0         68   cdcmple.o
        40          2          0          0          0         68   cdrcmple.o
        56          0          0          0          0         68   d2f.o
       356          4          0          0          0        140   dadd.o
       240          6          0          0          0         84   ddiv.o
       236          0          0          0          0        216   depilogue.o
        60         10          0          0          0         68   dfixui.o
        64         10          0          0          0         68   dfixul.o
        40          6          0          0          0         68   dflti.o
        28          4          0          0          0         68   dfltui.o
       208          6          0          0          0         88   dmul.o
        44          0          0          0          0         72   dscalb.o
        40          0          0          0          0         60   f2d.o
       178          0          0          0          0        108   fadd.o
       130          0          0          0          0        144   fepilogue.o
        14          0          0          0          0         68   ffltui.o
      8816        432          0         60        104     106498   main.o

    ----------------------------------------------------------------------
     16204        656          0        128        120     167518   Library Totals
         6          0          0          0          4          0   (incl. Padding)

    ----------------------------------------------------------------------

      Code (inc. data)   RO Data    RW Data    ZI Data      Debug   Library Name

      2728         64          0         68         12      58180   Syd8811_softtimer_lib.lib
      2880        110          0          0          0       1384   mc_p.l
      1774         50          0          0          0       1456   mf_p.l
      8816        432          0         60        104     106498   syd8811_ble_lib.lib

    ----------------------------------------------------------------------
     16204        656          0        128        120     167518   Library Totals

    ----------------------------------------------------------------------

==============================================================================


      Code (inc. data)   RO Data    RW Data    ZI Data      Debug   

     39930       3602       9274        704       4336     370431   Grand Totals
     39930       3602       9274        488       4336     370431   ELF Image Totals (compressed)
     39930       3602       9274        488          0          0   ROM Totals

==============================================================================

    Total RO  Size (Code + RO Data)                49204 (  48.05kB)
    Total RW  Size (RW Data + ZI Data)              5040 (   4.92kB)
    Total ROM Size (Code + RO Data + RW Data)      49692 (  48.53kB)

==============================================================================

